// Jest Snapshot v1, https://goo.gl/fbAQLP

exports[`should render Dashboard page correctly 1`] = `
<div>
  <WithTheme(Connect(Component)) />
  <Connect(ExpenseListFilter) />
  <Connect(Component) />
</div>
`;
