// Jest Snapshot v1, https://goo.gl/fbAQLP

exports[`should render ExpenseListItem correctly 1`] = `
<ListItem
  to="/edit/123"
>
  <div>
    <ListItemTitle
      as="h3"
    >
      test expense
    </ListItemTitle>
    <ListItemSubtitle>
      January 1st, 1970
    </ListItemSubtitle>
  </div>
  <ListItemData
    as="h3"
  >
    $0.00
  </ListItemData>
</ListItem>
`;
