// Jest Snapshot v1, https://goo.gl/fbAQLP

exports[`should render Header correctly 1`] = `
<header>
  <h1>
    Expensify APP
  </h1>
  <NavLink
    activeClassName="active-link"
    aria-current="page"
    exact={true}
    to="/dashboard"
  >
    DashBoard
  </NavLink>
  <NavLink
    activeClassName="active-link"
    aria-current="page"
    to="/create"
  >
    Create Expense
  </NavLink>
  <NavLink
    activeClassName="active-link"
    aria-current="page"
    to="/help"
  >
    Help
  </NavLink>
  <button
    onClick={[Function]}
  >
    Log Out
  </button>
</header>
`;
